Microchip MPLAB XC8 Compiler V1.33 ()

Linker command line:

--edf=C:\Program Files (x86)\Microchip\xc8\v1.33\dat\en_msgs.txt -cs \
  -h+dist/default/production\kaas.production.sym \
  --cmf=dist/default/production\kaas.production.cmf -z -Q18F25K80 \
  -oC:\Users\Steven\AppData\Local\Temp\sakg.6 \
  -Mdist/default/production/kaas.production.map -E1 -ver=XC8 \
  -ASTACK=092h-09ffh -pstack=STACK -ACODE=00h-07FFFh -ACONST=00h-07FFFh \
  -ASMALLCONST=0F00h-0FFFhx113 -AMEDIUMCONST=0F00h-07FFFh -ACOMRAM=01h-05Fh \
  -AABS1=00h-0E40h -ABIGRAM=01h-0E40h \
  -ARAM=060h-0FFh,0100h-01FFhx13,0E00h-0E40h -ABANK0=060h-0FFh \
  -ABANK1=0100h-01FFh -ABANK2=0200h-02FFh -ABANK3=0300h-03FFh \
  -ABANK4=0400h-04FFh -ABANK5=0500h-05FFh -ABANK6=0600h-06FFh \
  -ABANK7=0700h-07FFh -ABANK8=0800h-08FFh -ABANK9=0900h-09FFh \
  -ABANK10=0A00h-0AFFh -ABANK11=0B00h-0BFFh -ABANK12=0C00h-0CFFh \
  -ABANK13=0D00h-0DFFh -ABANK14=0E00h-0E40h \
  -ASFR=0E41h-0EFFh,0F00h-0F5Fh,0F60h-0FFFh \
  -preset_vec=00h,intcode=08h,intcodelo,powerup,init,end_init \
  -pramtop=0F00h -psmallconst=SMALLCONST -pmediumconst=MEDIUMCONST \
  -pconst=CONST -AFARRAM=00h-00h -ACONFIG=0300000h-030000Dh -pconfig=CONFIG \
  -AIDLOC=0200000h-0200007h -pidloc=IDLOC -AEEDATA=0F00000h-0F003FFh \
  -peeprom_data=EEDATA \
  -prdata=COMRAM,nvrram=COMRAM,nvbit=COMRAM,rbss=COMRAM,rbit=COMRAM \
  -pfarbss=FARRAM,fardata=FARRAM,nvFARRAM=FARRAM \
  -pintsave_regs=BIGRAM,bigbss=BIGRAM,bigdata=BIGRAM -pbss=RAM \
  -pidata=CODE,irdata=CODE,ibigdata=CODE,ifardata=CODE \
  C:\Users\Steven\AppData\Local\Temp\sakg.obj \
  dist/default/production\kaas.production.obj 

Object code version is 3.11

Machine type is 18F25K80

Call graph: (short form)




                Name                               Link     Load   Length Selector   Space Scale
C:\Users\Steven\AppData\Local\Temp\sakg.obj
                end_init                             96       96        4        4       0
                reset_vec                             0        0        4        0       0
                idloc                            200000   200000        8   200000       0
                config                           300000   300000        E   300000       0
dist/default/production\kaas.production.obj
                intcode                               8        8       8E        4       0
                smallconst                          F00      F00       1E      780       0
                text5                              1290     1290       28      78F       0
                text4                              11FC     11FC       52      78F       0
                text3                              124E     124E       42      78F       0
                text2                              12C8     12C8        C      78F       0
                text1                              10C8     10C8      134      78F       0
                text0                               F1E      F1E      1AA      78F       0
                cstackCOMRAM                          1        1       2E        1       1
                cstackBANK0                          60       60       30       60       1
                bssBANK0                             90       90        2       60       1
                cinit                              12B8     12B8       10      78F       0

TOTAL           Name                               Link     Load   Length     Space
        CLASS   STACK          

        CLASS   CODE           
                end_init                             96       96        4         0
                intcode                               8        8       8E         0
                reset_vec                             0        0        4         0
                text5                              1290     1290       28         0
                text4                              11FC     11FC       52         0
                text3                              124E     124E       42         0
                text2                              12C8     12C8        C         0
                text1                              10C8     10C8      134         0
                text0                               F1E      F1E      1AA         0
                cinit                              12B8     12B8       10         0

        CLASS   CONST          

        CLASS   SMALLCONST     
                smallconst                          F00      F00       1E         0

        CLASS   MEDIUMCONST    

        CLASS   COMRAM         
                cstackCOMRAM                          1        1       2E         1

        CLASS   ABS1           

        CLASS   BIGRAM         

        CLASS   RAM            

        CLASS   BANK0          
                cstackBANK0                          60       60       30         1
                bssBANK0                             90       90        2         1

        CLASS   BANK1          

        CLASS   BANK2          

        CLASS   BANK3          

        CLASS   BANK4          

        CLASS   BANK5          

        CLASS   BANK6          

        CLASS   BANK7          

        CLASS   BANK8          

        CLASS   BANK9          

        CLASS   BANK10         

        CLASS   BANK11         

        CLASS   BANK12         

        CLASS   BANK13         

        CLASS   BANK14         

        CLASS   SFR            

        CLASS   FARRAM         

        CLASS   CONFIG         
                config                           300000   300000        E         0

        CLASS   IDLOC          
                idloc                            200000   200000        8         0

        CLASS   EEDATA         



SEGMENTS        Name                           Load    Length   Top    Selector   Space  Class

                reset_vec                      000000  000004  000004         0       0  CODE    
                cstackCOMRAM                   000001  00002E  00002F         1       1  COMRAM  
                intcode                        000008  000092  00009A         4       0  CODE    
                cstackBANK0                    000060  000032  000092        60       1  BANK0   
                smallconst                     000F00  00001E  000F1E       780       0  SMALLCON
                text0                          000F1E  0003B6  0012D4       78F       0  CODE    
                idloc                          200000  000008  200008    200000       0  IDLOC   
                config                         300000  00000E  30000E    300000       0  CONFIG  


UNUSED ADDRESS RANGES

        Name                Unused          Largest block    Delta
        BANK0            000092-0000FF               6E
        BANK1            000100-0001FF              100
        BANK10           000A00-000AFF              100
        BANK11           000B00-000BFF              100
        BANK12           000C00-000CFF              100
        BANK13           000D00-000DFF              100
        BANK14           000E00-000E40               41
        BANK2            000200-0002FF              100
        BANK3            000300-0003FF              100
        BANK4            000400-0004FF              100
        BANK5            000500-0005FF              100
        BANK6            000600-0006FF              100
        BANK7            000700-0007FF              100
        BANK8            000800-0008FF              100
        BANK9            000900-0009FF              100
        BIGRAM           00002F-00005F               31
                         000092-000E40              DAF
        CODE             000004-000007                4
                         00009A-000EFF              E66
                         0012D4-007FFF             6D2C
        COMRAM           00002F-00005F               31
        CONST            000004-000007                4
                         00009A-000EFF              E66
                         0012D4-007FFF             6D2C
        EEDATA           F00000-F003FF              400
        MEDIUMCONST      0012D4-007FFF             6D2C
        RAM              000092-000E40              100
        SFR              000E41-000FFF               BF
        SMALLCONST       0012D4-007FFF              100
        STACK            000092-0009FF              96E

                                  Symbol Table

?__Analog_Digital_convertor               cstackCOMRAM 00000F
?___lwdiv                                 cstackCOMRAM 00000F
?___lwmod                                 cstackCOMRAM 000016
?_printf                                  cstackCOMRAM 00001B
_ADCON0                                   (abs)        000FC2
_ADCON0bits                               (abs)        000FC2
_ADCON1                                   (abs)        000FC1
_ADCON2                                   (abs)        000FC0
_ADRESH                                   (abs)        000FC4
_ADRESL                                   (abs)        000FC3
_BAUDCON1                                 (abs)        000FA7
_INTCON2bits                              (abs)        000FF1
_INTCONbits                               (abs)        000FF2
_Inter                                    bssBANK0     000090
_LATC                                     (abs)        000F8B
_RCSTA1                                   (abs)        000FAB
_SPBRG1                                   (abs)        000FAF
_T0CON                                    (abs)        000FD5
_TMR0H                                    (abs)        000FD7
_TMR0L                                    (abs)        000FD6
_TRISC                                    (abs)        000F94
_TXREG                                    (abs)        000FAD
_TXSTA1                                   (abs)        000FAC
_TXSTA1bits                               (abs)        000FAC
__Analog_Digital_convertor                text5        001290
__Analog_Digital_convertor@adcon1settings cstackCOMRAM 00000F
__CFG_BBSIZ$BB2K                          (abs)        000000
__CFG_BOREN$OFF                           (abs)        000000
__CFG_BORPWR$ZPBORMV                      (abs)        000000
__CFG_BORV$3                              (abs)        000000
__CFG_CANMX$PORTB                         (abs)        000000
__CFG_CP0$OFF                             (abs)        000000
__CFG_CP1$OFF                             (abs)        000000
__CFG_CP2$OFF                             (abs)        000000
__CFG_CP3$OFF                             (abs)        000000
__CFG_CPB$OFF                             (abs)        000000
__CFG_CPD$OFF                             (abs)        000000
__CFG_EBTR0$OFF                           (abs)        000000
__CFG_EBTR1$OFF                           (abs)        000000
__CFG_EBTR2$OFF                           (abs)        000000
__CFG_EBTR3$OFF                           (abs)        000000
__CFG_EBTRB$OFF                           (abs)        000000
__CFG_FCMEN$OFF                           (abs)        000000
__CFG_FOSC$HS1                            (abs)        000000
__CFG_IESO$OFF                            (abs)        000000
__CFG_INTOSCSEL$HIGH                      (abs)        000000
__CFG_MCLRE$ON                            (abs)        000000
__CFG_MSSPMSK$MSK7                        (abs)        000000
__CFG_PLLCFG$OFF                          (abs)        000000
__CFG_PWRTEN$OFF                          (abs)        000000
__CFG_RETEN$OFF                           (abs)        000000
__CFG_SOSCSEL$DIG                         (abs)        000000
__CFG_STVREN$ON                           (abs)        000000
__CFG_WDTEN$OFF                           (abs)        000000
__CFG_WDTPS$1048576                       (abs)        000000
__CFG_WRT0$OFF                            (abs)        000000
__CFG_WRT1$OFF                            (abs)        000000
__CFG_WRT2$OFF                            (abs)        000000
__CFG_WRT3$OFF                            (abs)        000000
__CFG_WRTB$OFF                            (abs)        000000
__CFG_WRTC$OFF                            (abs)        000000
__CFG_WRTD$OFF                            (abs)        000000
__CFG_XINST$OFF                           (abs)        000000
__HRAM                                    (abs)        000000
__Habs1                                   abs1         000000
__Hbank0                                  bank0        000000
__Hbank1                                  bank1        000000
__Hbank10                                 bank10       000000
__Hbank11                                 bank11       000000
__Hbank12                                 bank12       000000
__Hbank13                                 bank13       000000
__Hbank14                                 bank14       000000
__Hbank2                                  bank2        000000
__Hbank3                                  bank3        000000
__Hbank4                                  bank4        000000
__Hbank5                                  bank5        000000
__Hbank6                                  bank6        000000
__Hbank7                                  bank7        000000
__Hbank8                                  bank8        000000
__Hbank9                                  bank9        000000
__Hbigbss                                 bigbss       000000
__Hbigdata                                bigdata      000000
__Hbigram                                 bigram       000000
__Hbss                                    bss          000000
__HbssBANK0                               bssBANK0     000000
__Hcinit                                  cinit        000000
__Hclrtext                                clrtext      000000
__Hcomram                                 comram       000000
__Hconfig                                 config       30000E
__Hconst                                  const        000000
__HcstackBANK0                            cstackBANK0  000000
__HcstackCOMRAM                           cstackCOMRAM 000000
__Hdata                                   data         000000
__Heeprom_data                            eeprom_data  000000
__Hend_init                               end_init     00009A
__Hfarbss                                 farbss       000000
__Hfardata                                fardata      000000
__Hibigdata                               ibigdata     000000
__Hidata                                  idata        000000
__Hidloc                                  idloc        200008
__Hifardata                               ifardata     000000
__Hinit                                   init         000096
__Hintcode                                intcode      000096
__Hintcode_body                           intcode_body 000000
__Hintcodelo                              intcodelo    000096
__Hintentry                               intentry     000000
__Hintret                                 intret       000000
__Hintsave_regs                           intsave_regs 000000
__Hirdata                                 irdata       000000
__Hmediumconst                            mediumconst  000000
__HnvFARRAM                               nvFARRAM     000000
__Hnvbit                                  nvbit        000000
__Hnvrram                                 nvrram       000000
__Hparam                                  rparam       000000
__Hpowerup                                powerup      000096
__Hram                                    ram          000000
__Hramtop                                 ramtop       000F00
__Hrbit                                   rbit         000000
__Hrbss                                   rbss         000000
__Hrdata                                  rdata        000000
__Hreset_vec                              reset_vec    000004
__Hrparam                                 rparam       000000
__Hsfr                                    sfr          000000
__Hsmallconst                             smallconst   000F1E
__Hspace_0                                (abs)        30000E
__Hspace_1                                (abs)        000092
__Hspace_2                                (abs)        000000
__Hstack                                  stack        000000
__Hstruct                                 struct       000000
__Htemp                                   temp         000000
__Htext                                   text         000000
__Htext0                                  text0        000000
__Htext1                                  text1        000000
__Htext2                                  text2        000000
__Htext3                                  text3        000000
__Htext4                                  text4        000000
__Htext5                                  text5        000000
__LRAM                                    (abs)        000001
__Labs1                                   abs1         000000
__Lbank0                                  bank0        000000
__Lbank1                                  bank1        000000
__Lbank10                                 bank10       000000
__Lbank11                                 bank11       000000
__Lbank12                                 bank12       000000
__Lbank13                                 bank13       000000
__Lbank14                                 bank14       000000
__Lbank2                                  bank2        000000
__Lbank3                                  bank3        000000
__Lbank4                                  bank4        000000
__Lbank5                                  bank5        000000
__Lbank6                                  bank6        000000
__Lbank7                                  bank7        000000
__Lbank8                                  bank8        000000
__Lbank9                                  bank9        000000
__Lbigbss                                 bigbss       000000
__Lbigdata                                bigdata      000000
__Lbigram                                 bigram       000000
__Lbss                                    bss          000000
__LbssBANK0                               bssBANK0     000000
__Lcinit                                  cinit        000000
__Lclrtext                                clrtext      000000
__Lcomram                                 comram       000000
__Lconfig                                 config       300000
__Lconst                                  const        000000
__LcstackBANK0                            cstackBANK0  000000
__LcstackCOMRAM                           cstackCOMRAM 000000
__Ldata                                   data         000000
__Leeprom_data                            eeprom_data  000000
__Lend_init                               end_init     000096
__Lfarbss                                 farbss       000000
__Lfardata                                fardata      000000
__Libigdata                               ibigdata     000000
__Lidata                                  idata        000000
__Lidloc                                  idloc        200000
__Lifardata                               ifardata     000000
__Linit                                   init         000096
__Lintcode                                intcode      000008
__Lintcode_body                           intcode_body 000000
__Lintcodelo                              intcodelo    000096
__Lintentry                               intentry     000000
__Lintret                                 intret       000000
__Lintsave_regs                           intsave_regs 000000
__Lirdata                                 irdata       000000
__Lmediumconst                            mediumconst  000000
__LnvFARRAM                               nvFARRAM     000000
__Lnvbit                                  nvbit        000000
__Lnvrram                                 nvrram       000000
__Lparam                                  rparam       000000
__Lpowerup                                powerup      000096
__Lram                                    ram          000000
__Lramtop                                 ramtop       000F00
__Lrbit                                   rbit         000000
__Lrbss                                   rbss         000000
__Lrdata                                  rdata        000000
__Lreset_vec                              reset_vec    000000
__Lrparam                                 rparam       000000
__Lsfr                                    sfr          000000
__Lsmallconst                             smallconst   000F00
__Lspace_0                                (abs)        000000
__Lspace_1                                (abs)        000000
__Lspace_2                                (abs)        000000
__Lstack                                  stack        000000
__Lstruct                                 struct       000000
__Ltemp                                   temp         000000
__Ltext                                   text         000000
__Ltext0                                  text0        000000
__Ltext1                                  text1        000000
__Ltext2                                  text2        000000
__Ltext3                                  text3        000000
__Ltext4                                  text4        000000
__Ltext5                                  text5        000000
__S0                                      (abs)        30000E
__S1                                      (abs)        000092
__S2                                      (abs)        000000
___inthi_sp                               stack        000000
___intlo_sp                               stack        000000
___lwdiv                                  text4        0011FC
___lwdiv@counter                          cstackCOMRAM 000015
___lwdiv@dividend                         cstackCOMRAM 00000F
___lwdiv@divisor                          cstackCOMRAM 000011
___lwdiv@quotient                         cstackCOMRAM 000013
___lwmod                                  text3        00124E
___lwmod@counter                          cstackCOMRAM 00001A
___lwmod@dividend                         cstackCOMRAM 000016
___lwmod@divisor                          cstackCOMRAM 000018
___sp                                     stack        000000
__accesstop                               (abs)        000060
__activetblptr                            (abs)        000002
__end_of__Analog_Digital_convertor        text5        0012B8
__end_of___lwdiv                          text4        00124E
__end_of___lwmod                          text3        001290
__end_of__initialization                  cinit        0012BE
__end_of__stringdata                      smallconst   000F1D
__end_of_dpowers                          smallconst   000F0B
__end_of_main                             text0        0010C8
__end_of_myIsr                            intcode      000096
__end_of_printf                           text1        0011FC
__end_of_putch                            text2        0012D4
__initialization                          cinit        0012B8
__mediumconst                             mediumconst  000000
__pbssBANK0                               bssBANK0     000090
__pcinit                                  cinit        0012B8
__pcstackBANK0                            cstackBANK0  000060
__pcstackCOMRAM                           cstackCOMRAM 000001
__pintcode                                intcode      000008
__psmallconst                             smallconst   000F00
__ptext0                                  text0        000F1E
__ptext1                                  text1        0010C8
__ptext2                                  text2        0012C8
__ptext3                                  text3        00124E
__ptext4                                  text4        0011FC
__ptext5                                  text5        001290
__ramtop                                  ramtop       000F00
__size_of__Analog_Digital_convertor       (abs)        000000
__size_of___lwdiv                         (abs)        000000
__size_of___lwmod                         (abs)        000000
__size_of_main                            (abs)        000000
__size_of_myIsr                           (abs)        000000
__size_of_printf                          (abs)        000000
__size_of_putch                           (abs)        000000
__smallconst                              smallconst   000F00
__stringdata                              smallconst   000F0B
_dpowers                                  smallconst   000F01
_main                                     text0        000F1E
_myIsr                                    intcode      000008
_printf                                   text1        0010C8
_putch                                    text2        0012C8
end_of_initialization                     cinit        0012BE
intlevel0                                 text         000000
intlevel1                                 text         000000
intlevel2                                 text         000000
intlevel3                                 text         000000
main@array_counter                        cstackBANK0  00008C
main@i                                    cstackBANK0  00008E
main@value1                               cstackBANK0  00008A
main@value1_array                         cstackBANK0  000060
main@value2                               cstackBANK0  000088
main@value2_array                         cstackBANK0  000074
printf@_val                               cstackCOMRAM 000027
printf@ap                                 cstackCOMRAM 000023
printf@c                                  cstackCOMRAM 00002C
printf@f                                  cstackCOMRAM 00001B
printf@flag                               cstackCOMRAM 000025
printf@prec                               cstackCOMRAM 000026
putch@c                                   cstackCOMRAM 00000F
stackhi                                   (abs)        0009FF
stacklo                                   (abs)        000092
start                                     init         000096
start_initialization                      cinit        0012B8


FUNCTION INFORMATION:

 *************** function _main *****************
 Defined at:
		line 26 in file "main.c"
 Parameters:    Size  Location     Type
		None
 Auto vars:     Size  Location     Type
  i               2   46[BANK0 ] int 
  value2_array   20   20[BANK0 ] int [10]
  value1_array   20    0[BANK0 ] int [10]
  array_counte    2   44[BANK0 ] int 
  value1          2   42[BANK0 ] unsigned int 
  value2          2   40[BANK0 ] unsigned int 
 Return value:  Size  Location     Type
                  2   56[COMRAM] int 
 Registers used:
		wreg, fsr2l, fsr2h, status,2, status,0, tblptrl, tblptrh, tblptru, prodl, prodh, cstack
 Tracked objects:
		On entry : 
		On exit  : 
		Unchanged: 
 Data sizes:     COMRAM   BANK0   BANK1   BANK2   BANK3   BANK4   BANK5   BANK6   BANK7   BANK8   BANK9  BANK10  BANK11  BANK12  BANK13  BANK14
      Params:         0       0       0       0       0       0       0       0       0       0       0       0       0       0       0       0
      Locals:         0      48       0       0       0       0       0       0       0       0       0       0       0       0       0       0
      Temps:          2       0       0       0       0       0       0       0       0       0       0       0       0       0       0       0
      Totals:         2      48       0       0       0       0       0       0       0       0       0       0       0       0       0       0
Total ram usage:       50 bytes
 Hardware stack levels required when called:    3
 This function calls:
		__Analog_Digital_convertor
		___lwdiv
		_printf
 This function is called by:
		Startup code after reset
 This function uses a non-reentrant model


 *************** function _printf *****************
 Defined at:
		line 464 in file "C:\Program Files (x86)\Microchip\xc8\v1.33\sources\common\doprnt.c"
 Parameters:    Size  Location     Type
  f               2   26[COMRAM] PTR const unsigned char 
		 -> STR_2(8), STR_1(10), 
 Auto vars:     Size  Location     Type
  _val            5   38[COMRAM] struct .
  ap              2   34[COMRAM] PTR void [1]
		 -> ?_printf(2), 
  c               1   43[COMRAM] char 
  prec            1   37[COMRAM] char 
  flag            1   36[COMRAM] unsigned char 
 Return value:  Size  Location     Type
                  2   26[COMRAM] int 
 Registers used:
		wreg, fsr2l, fsr2h, status,2, status,0, tblptrl, tblptrh, tblptru, prodl, prodh, cstack
 Tracked objects:
		On entry : 
		On exit  : 
		Unchanged: 
 Data sizes:     COMRAM   BANK0   BANK1   BANK2   BANK3   BANK4   BANK5   BANK6   BANK7   BANK8   BANK9  BANK10  BANK11  BANK12  BANK13  BANK14
      Params:         6       0       0       0       0       0       0       0       0       0       0       0       0       0       0       0
      Locals:        10       0       0       0       0       0       0       0       0       0       0       0       0       0       0       0
      Temps:          2       0       0       0       0       0       0       0       0       0       0       0       0       0       0       0
      Totals:        18       0       0       0       0       0       0       0       0       0       0       0       0       0       0       0
Total ram usage:       18 bytes
 Hardware stack levels used:    1
 Hardware stack levels required when called:    2
 This function calls:
		___lwdiv
		___lwmod
		_putch
 This function is called by:
		_main
 This function uses a non-reentrant model


 *************** function _putch *****************
 Defined at:
		line 12 in file "main.c"
 Parameters:    Size  Location     Type
  c               1    wreg     unsigned char 
 Auto vars:     Size  Location     Type
  c               1   14[COMRAM] unsigned char 
 Return value:  Size  Location     Type
		None               void
 Registers used:
		wreg
 Tracked objects:
		On entry : 
		On exit  : 
		Unchanged: 
 Data sizes:     COMRAM   BANK0   BANK1   BANK2   BANK3   BANK4   BANK5   BANK6   BANK7   BANK8   BANK9  BANK10  BANK11  BANK12  BANK13  BANK14
      Params:         0       0       0       0       0       0       0       0       0       0       0       0       0       0       0       0
      Locals:         1       0       0       0       0       0       0       0       0       0       0       0       0       0       0       0
      Temps:          0       0       0       0       0       0       0       0       0       0       0       0       0       0       0       0
      Totals:         1       0       0       0       0       0       0       0       0       0       0       0       0       0       0       0
Total ram usage:        1 bytes
 Hardware stack levels used:    1
 Hardware stack levels required when called:    1
 This function calls:
		Nothing
 This function is called by:
		_printf
 This function uses a non-reentrant model


 *************** function ___lwmod *****************
 Defined at:
		line 8 in file "C:\Program Files (x86)\Microchip\xc8\v1.33\sources\common\lwmod.c"
 Parameters:    Size  Location     Type
  dividend        2   21[COMRAM] unsigned int 
  divisor         2   23[COMRAM] unsigned int 
 Auto vars:     Size  Location     Type
  counter         1   25[COMRAM] unsigned char 
 Return value:  Size  Location     Type
                  2   21[COMRAM] unsigned int 
 Registers used:
		wreg, status,2, status,0
 Tracked objects:
		On entry : 
		On exit  : 
		Unchanged: 
 Data sizes:     COMRAM   BANK0   BANK1   BANK2   BANK3   BANK4   BANK5   BANK6   BANK7   BANK8   BANK9  BANK10  BANK11  BANK12  BANK13  BANK14
      Params:         4       0       0       0       0       0       0       0       0       0       0       0       0       0       0       0
      Locals:         1       0       0       0       0       0       0       0       0       0       0       0       0       0       0       0
      Temps:          0       0       0       0       0       0       0       0       0       0       0       0       0       0       0       0
      Totals:         5       0       0       0       0       0       0       0       0       0       0       0       0       0       0       0
Total ram usage:        5 bytes
 Hardware stack levels used:    1
 Hardware stack levels required when called:    1
 This function calls:
		Nothing
 This function is called by:
		_printf
 This function uses a non-reentrant model


 *************** function ___lwdiv *****************
 Defined at:
		line 8 in file "C:\Program Files (x86)\Microchip\xc8\v1.33\sources\common\lwdiv.c"
 Parameters:    Size  Location     Type
  dividend        2   14[COMRAM] unsigned int 
  divisor         2   16[COMRAM] unsigned int 
 Auto vars:     Size  Location     Type
  quotient        2   18[COMRAM] unsigned int 
  counter         1   20[COMRAM] unsigned char 
 Return value:  Size  Location     Type
                  2   14[COMRAM] unsigned int 
 Registers used:
		wreg, status,2, status,0
 Tracked objects:
		On entry : 
		On exit  : 
		Unchanged: 
 Data sizes:     COMRAM   BANK0   BANK1   BANK2   BANK3   BANK4   BANK5   BANK6   BANK7   BANK8   BANK9  BANK10  BANK11  BANK12  BANK13  BANK14
      Params:         4       0       0       0       0       0       0       0       0       0       0       0       0       0       0       0
      Locals:         3       0       0       0       0       0       0       0       0       0       0       0       0       0       0       0
      Temps:          0       0       0       0       0       0       0       0       0       0       0       0       0       0       0       0
      Totals:         7       0       0       0       0       0       0       0       0       0       0       0       0       0       0       0
Total ram usage:        7 bytes
 Hardware stack levels used:    1
 Hardware stack levels required when called:    1
 This function calls:
		Nothing
 This function is called by:
		_main
		_printf
 This function uses a non-reentrant model


 *************** function __Analog_Digital_convertor *****************
 Defined at:
		line 67 in file "main.c"
 Parameters:    Size  Location     Type
  adcon1settin    2   14[COMRAM] int 
 Auto vars:     Size  Location     Type
		None
 Return value:  Size  Location     Type
                  2   14[COMRAM] int 
 Registers used:
		wreg, status,2, status,0
 Tracked objects:
		On entry : 
		On exit  : 
		Unchanged: 
 Data sizes:     COMRAM   BANK0   BANK1   BANK2   BANK3   BANK4   BANK5   BANK6   BANK7   BANK8   BANK9  BANK10  BANK11  BANK12  BANK13  BANK14
      Params:         2       0       0       0       0       0       0       0       0       0       0       0       0       0       0       0
      Locals:         0       0       0       0       0       0       0       0       0       0       0       0       0       0       0       0
      Temps:          2       0       0       0       0       0       0       0       0       0       0       0       0       0       0       0
      Totals:         4       0       0       0       0       0       0       0       0       0       0       0       0       0       0       0
Total ram usage:        4 bytes
 Hardware stack levels used:    1
 Hardware stack levels required when called:    1
 This function calls:
		Nothing
 This function is called by:
		_main
 This function uses a non-reentrant model


 *************** function _myIsr *****************
 Defined at:
		line 17 in file "main.c"
 Parameters:    Size  Location     Type
		None
 Auto vars:     Size  Location     Type
		None
 Return value:  Size  Location     Type
		None               void
 Registers used:
		wreg, status,2
 Tracked objects:
		On entry : 
		On exit  : 
		Unchanged: 
 Data sizes:     COMRAM   BANK0   BANK1   BANK2   BANK3   BANK4   BANK5   BANK6   BANK7   BANK8   BANK9  BANK10  BANK11  BANK12  BANK13  BANK14
      Params:         0       0       0       0       0       0       0       0       0       0       0       0       0       0       0       0
      Locals:         0       0       0       0       0       0       0       0       0       0       0       0       0       0       0       0
      Temps:         14       0       0       0       0       0       0       0       0       0       0       0       0       0       0       0
      Totals:        14       0       0       0       0       0       0       0       0       0       0       0       0       0       0       0
Total ram usage:       14 bytes
 Hardware stack levels used:    1
 This function calls:
		Nothing
 This function is called by:
		Interrupt level 2
 This function uses a non-reentrant model



MODULE INFORMATION

Module		Function		Class		Link	Load	Size
C:\Program Files (x86)\Microchip\xc8\v1.33\sources\common\doprnt.c
		_printf        		CODE           	10C8	0000	308

C:\Program Files (x86)\Microchip\xc8\v1.33\sources\common\doprnt.c estimated size: 308

C:\Program Files (x86)\Microchip\xc8\v1.33\sources\common\lwmod.c
		___lwmod       		CODE           	124E	0000	66

C:\Program Files (x86)\Microchip\xc8\v1.33\sources\common\lwmod.c estimated size: 66

C:\Program Files (x86)\Microchip\xc8\v1.33\sources\common\lwdiv.c
		___lwdiv       		CODE           	11FC	0000	82

C:\Program Files (x86)\Microchip\xc8\v1.33\sources\common\lwdiv.c estimated size: 82

shared
		__stringdata   		SMALLCONST     	0F0B	0000	18
		_dpowers       		SMALLCONST     	0F01	0000	10
		__initializatio		CODE           	12B8	0000	6

shared estimated size: 34

main.c
		_putch         		CODE           	12C8	0000	12
		_main          		CODE           	0F1E	0000	426
		_myIsr         		CODE           	0008	0000	142
		__Analog_Digita		CODE           	1290	0000	40

main.c estimated size: 620

